---
source: tui/src/app/tests.rs
assertion_line: 2081
expression: "render_bottom_popup(&app.chat_widget, 80)"
---
  Subagents
  Live activity. Select an agent to watch. ⌥ + ← previous, ⌥ + → next.

› 1. /root/worker  Running · model unknown · tokens unavailable

  Tokens are cumulative usage reported by the server.
  Press enter to confirm or esc to go back
