---
source: tui/src/app/tests/agent_monitor_picker.rs
assertion_line: 35
expression: folded
---
  Subagents
  Live activity. Select an agent to watch. ⌥ + ← previous, ⌥ + → next.

  1. Main [default] (current)  Unknown · model unknown · tokens unavailable
› 2. Show completed (1)

  Tokens are cumulative usage reported by the server.
  Press enter to confirm or esc to go back
